// Jest Snapshot v1, https://goo.gl/fbAQLP

exports[`MissionsListElements component renders correctly 1`] = `
<div>
  Missions not found
</div>
`;
